WARNING: A terminally deprecated method in sun.misc.Unsafe has been called
WARNING: sun.misc.Unsafe::staticFieldBase has been called by com.google.inject.internal.aop.HiddenClassDefiner (file:/C:/maven/apache-maven-3.9.11/lib/guice-5.1.0-classes.jar)
WARNING: Please consider reporting this to the maintainers of class com.google.inject.internal.aop.HiddenClassDefiner
WARNING: sun.misc.Unsafe::staticFieldBase will be removed in a future release
[INFO] Scanning for projects...
[INFO] 
[INFO] ----------------------< enspy.studam:studam-web >-----------------------
[INFO] Building studam-web 0.0.1-SNAPSHOT
[INFO]   from pom.xml
[INFO] --------------------------------[ jar ]---------------------------------
[INFO] 
[INFO] --- clean:3.4.1:clean (default-clean) @ studam-web ---
[INFO] Deleting C:\Users\DELL\Documents\Projets\Projet-electronique(back)\target
[INFO] 
[INFO] --- resources:3.3.1:resources (default-resources) @ studam-web ---
[INFO] Copying 1 resource from src\main\resources to target\classes
[INFO] Copying 2 resources from src\main\resources to target\classes
[INFO] 
[INFO] --- compiler:3.13.0:compile (default-compile) @ studam-web ---
[INFO] Recompiling the module because of changed source code.
[INFO] Compiling 109 source files with javac [debug parameters release 17] to target\classes
[INFO] /C:/Users/DELL/Documents/Projets/Projet-electronique(back)/src/main/java/enspy/studam/studam_web/services/StudentService.java: Some input files use or override a deprecated API.
[INFO] /C:/Users/DELL/Documents/Projets/Projet-electronique(back)/src/main/java/enspy/studam/studam_web/services/StudentService.java: Recompile with -Xlint:deprecation for details.
[INFO] -------------------------------------------------------------
[ERROR] COMPILATION ERROR : 
[INFO] -------------------------------------------------------------
[ERROR] /C:/Users/DELL/Documents/Projets/Projet-electronique(back)/src/main/java/enspy/studam/studam_web/controllers/ReportController.java:[177,60] local variables referenced from a lambda expression must be final or effectively final
[INFO] 1 error
[INFO] -------------------------------------------------------------
[INFO] ------------------------------------------------------------------------
[INFO] BUILD FAILURE
[INFO] ------------------------------------------------------------------------
[INFO] Total time:  12.696 s
[INFO] Finished at: 2026-01-19T17:38:48+01:00
[INFO] ------------------------------------------------------------------------
[ERROR] Failed to execute goal org.apache.maven.plugins:maven-compiler-plugin:3.13.0:compile (default-compile) on project studam-web: Compilation failure
[ERROR] /C:/Users/DELL/Documents/Projets/Projet-electronique(back)/src/main/java/enspy/studam/studam_web/controllers/ReportController.java:[177,60] local variables referenced from a lambda expression must be final or effectively final
[ERROR] 
[ERROR] -> [Help 1]
[ERROR] 
[ERROR] To see the full stack trace of the errors, re-run Maven with the -e switch.
[ERROR] Re-run Maven using the -X switch to enable full debug logging.
[ERROR] 
[ERROR] For more information about the errors and possible solutions, please read the following articles:
[ERROR] [Help 1] http://cwiki.apache.org/confluence/display/MAVEN/MojoFailureException
